MO ROM NULL BMM_module.v vlg5A/_r_o_m.bin 1715774039
MO Combined_Memory_System NULL BMM_module.v vlg39/_combined___memory___system.bin 1715774039
MO testbench NULL testbench_p1.v vlg6C/testbench.bin 1715774039
MO Bitwise_Manipulation_RAM NULL BMM_module.v vlg0E/_bitwise___manipulation___r_a_m.bin 1715774039
