Microchip MPLAB XC8 Compiler V2.30

Linker command line:

-W-3 --edf=/Applications/microchip/xc8/v2.30/pic/dat/en_msgs.txt -cn \
  -h+dist/UploadToBoard/debug/THE3-Starter.X.debug.sym \
  --cmf=dist/UploadToBoard/debug/THE3-Starter.X.debug.cmf -z -Q18F8722 \
  -o/tmp/xcmt55xk8 --defsym=__MPLAB_BUILD=1 \
  -Mdist/UploadToBoard/debug/THE3-Starter.X.debug.map -E1 -ver=XC8 Compiler \
  --acfsm=1493 -ASTACK=0660h-0EF3h -pstack=STACK -ACODE=00h-01FD2Fh \
  -ACONST=00h-01FD2Fh -ASMALLCONST=01000h-010FFhx493,01FD00h-01FD2Fh \
  -AMEDIUMCONST=01000h-0FFFFh,011000h-01FD2Fh -ACOMRAM=01h-05Fh \
  -AABS1=00h-0EF3h,0F00h-0F5Fh -ABIGRAM=01h-0EF3h,0F00h-0F5Fh \
  -ARAM=060h-0FFh,0100h-01FFhx13,0E00h-0EF3h,0F00h-0F5Fh -ABANK0=060h-0FFh \
  -ABANK1=0100h-01FFh -ABANK2=0200h-02FFh -ABANK3=0300h-03FFh \
  -ABANK4=0400h-04FFh -ABANK5=0500h-05FFh -ABANK6=0600h-06FFh \
  -ABANK7=0700h-07FFh -ABANK8=0800h-08FFh -ABANK9=0900h-09FFh \
  -ABANK10=0A00h-0AFFh -ABANK11=0B00h-0BFFh -ABANK12=0C00h-0CFFh \
  -ABANK13=0D00h-0DFFh -ABANK14=0E00h-0EF3h -ABANK15=0F00h-0F5Fh \
  -ASFR=0F60h-0F9Bh,0F9Dh-0FD3h,0FD5h-0FDAh,0FE0h-0FE2h,0FE8h-0FEAh,0FF0h-0FFCh \
  -ACONFIG=0300000h-030000Dh -AIDLOC=0200000h-0200007h \
  -AEEDATA=0F00000h-0F003FFh -peeprom_data=EEDATA \
  -preset_vec=00h,intcode=08h,intcodelo,powerup,init -pramtop=01000h \
  -psmallconst=SMALLCONST -pmediumconst=MEDIUMCONST -pconst=CONST \
  -AFARRAM=00h-00h \
  -prdata=COMRAM,nvrram=COMRAM,nvbit=COMRAM,rbss=COMRAM,rbit=COMRAM \
  -pfarbss=FARRAM,fardata=FARRAM,nvFARRAM=FARRAM \
  -pintsave_regs=BIGRAM,bigbss=BIGRAM,bigdata=BIGRAM -pbss=RAM \
  -pidata=CODE,irdata=CODE,ibigdata=CODE,ifardata=CODE -prparam=COMRAM \
  /tmp/xcpmwGiCB.o dist/UploadToBoard/debug/THE3-Starter.X.debug.o 

Object code version is 3.11

Machine type is 18F8722



                Name                               Link     Load   Length Selector   Space Scale
/tmp/xcpmwGiCB.o
                idloc                            200000   200000        8        0       5
                config                           300000   300000        E        0       4
                init                                  E        E        4        4       0
                reset_vec                             0        0        4        0       0
dist/UploadToBoard/debug/THE3-Starter.X.debug.o
                intcode                               8        8        6        4       0
                idloc                            200000   200000        8        0       5
                config                           300000   300000        E        0       4
                temp                                 48       48        1        1       1
                smallconst                         1000     1000       38      800       0
                text41                             2B96     2B96       74      81C       0
                text40                             2DB8     2DB8       64      81C       0
                text39                             2FA2     2FA2       40      81C       0
                text38                             21CC     21CC      13C      81C       0
                text37                             2E1C     2E1C       56      81C       0
                text36                             2B16     2B16       80      81C       0
                intcode_body                       2036     2036      196      81C       0
                text34                             3128     3128       1A      81C       0
                text33                             305A     305A       3A      81C       0
                text32                             2940     2940       CA      81C       0
                text31                             3176     3176        6      81C       0
                text30                             3170     3170        6      81C       0
                text29                             2F16     2F16       48      81C       0
                text28                             3020     3020       3A      81C       0
                text27                             2410     2410      108      81C       0
                text26                             3102     3102       26      81C       0
                text25                             3094     3094       38      81C       0
                text24                             2EC4     2EC4       52      81C       0
                text23                             1E92     1E92      1A4      81C       0
                text22                             317E     317E        2      81C       0
                text21                             2876     2876       CA      81C       0
                text20                             2608     2608       D4      81C       0
                text19                             2518     2518       F0      81C       0
                text18                             26DC     26DC       D0      81C       0
                text17                             2F5E     2F5E       44      81C       0
                text16                             30CC     30CC       36      81C       0
                text15                             27AC     27AC       CA      81C       0
                text14                             18B8     18B8      208      81C       0
                text13                             1038     1038      3DE      81C       0
                text12                             2D52     2D52       66      81C       0
                text11                             2E72     2E72       52      81C       0
                text10                             2A90     2A90       86      81C       0
                text9                              1416     1416      256      81C       0
                text8                              2FE2     2FE2       3E      81C       0
                text7                              2C0A     2C0A       72      81C       0
                text6                              1AC0     1AC0      1EA      81C       0
                text5                              3142     3142       18      81C       0
                text4                              2CEA     2CEA       68      81C       0
                text3                              2308     2308      108      81C       0
                text2                              166C     166C      24C      81C       0
                text1                              2C7C     2C7C       6E      81C       0
                text0                              1CAA     1CAA      1E8      81C       0
                cstackCOMRAM                          1        1       31        1       1
                cstackBANK0                          60       60       82       60       1
                cstackBANK1                         1F6      1F6        6      100       1
                cstackBANK2                         250      250       10      200       1
                bssBIGRAM                           260      260      400      260       1
                bssBANK2                            200      200       50      200       1
                dataBANK1                           1E0      1E0       16      100       1
                bssBANK1                            100      100       E0      100       1
                dataBANK0                            FE       FE        2       60       1
                bssBANK0                             E2       E2       1C       60       1
                bssCOMRAM                            32       32       16        1       1
                cinit                              2A0A     2A0A       86      81C       0
                idataBANK1                         315A     315A       16      81C       0
                idataBANK0                         317C     317C        2      81C       0

TOTAL           Name                               Link     Load   Length     Space
        CLASS   STACK          

        CLASS   CODE           
                intcode                               8        8        6         0
                init                                  E        E        4         0
                reset_vec                             0        0        4         0
                text41                             2B96     2B96       74         0
                text40                             2DB8     2DB8       64         0
                text39                             2FA2     2FA2       40         0
                text38                             21CC     21CC      13C         0
                text37                             2E1C     2E1C       56         0
                text36                             2B16     2B16       80         0
                intcode_body                       2036     2036      196         0
                text34                             3128     3128       1A         0
                text33                             305A     305A       3A         0
                text32                             2940     2940       CA         0
                text31                             3176     3176        6         0
                text30                             3170     3170        6         0
                text29                             2F16     2F16       48         0
                text28                             3020     3020       3A         0
                text27                             2410     2410      108         0
                text26                             3102     3102       26         0
                text25                             3094     3094       38         0
                text24                             2EC4     2EC4       52         0
                text23                             1E92     1E92      1A4         0
                text22                             317E     317E        2         0
                text21                             2876     2876       CA         0
                text20                             2608     2608       D4         0
                text19                             2518     2518       F0         0
                text18                             26DC     26DC       D0         0
                text17                             2F5E     2F5E       44         0
                text16                             30CC     30CC       36         0
                text15                             27AC     27AC       CA         0
                text14                             18B8     18B8      208         0
                text13                             1038     1038      3DE         0
                text12                             2D52     2D52       66         0
                text11                             2E72     2E72       52         0
                text10                             2A90     2A90       86         0
                text9                              1416     1416      256         0
                text8                              2FE2     2FE2       3E         0
                text7                              2C0A     2C0A       72         0
                text6                              1AC0     1AC0      1EA         0
                text5                              3142     3142       18         0
                text4                              2CEA     2CEA       68         0
                text3                              2308     2308      108         0
                text2                              166C     166C      24C         0
                text1                              2C7C     2C7C       6E         0
                text0                              1CAA     1CAA      1E8         0
                cinit                              2A0A     2A0A       86         0
                idataBANK1                         315A     315A       16         0
                idataBANK0                         317C     317C        2         0

        CLASS   CONST          

        CLASS   SMALLCONST     
                smallconst                         1000     1000       38         0

        CLASS   MEDIUMCONST    

        CLASS   COMRAM         
                temp                                 48       48        1         1
                cstackCOMRAM                          1        1       31         1
                bssCOMRAM                            32       32       16         1

        CLASS   ABS1           

        CLASS   BIGRAM         
                bssBIGRAM                           260      260      400         1

        CLASS   RAM            

        CLASS   BANK0          
                cstackBANK0                          60       60       82         1
                dataBANK0                            FE       FE        2         1
                bssBANK0                             E2       E2       1C         1

        CLASS   BANK1          
                cstackBANK1                         1F6      1F6        6         1
                dataBANK1                           1E0      1E0       16         1
                bssBANK1                            100      100       E0         1

        CLASS   BANK2          
                cstackBANK2                         250      250       10         1
                bssBANK2                            200      200       50         1

        CLASS   BANK3          

        CLASS   BANK4          

        CLASS   BANK5          

        CLASS   BANK6          

        CLASS   BANK7          

        CLASS   BANK8          

        CLASS   BANK9          

        CLASS   BANK10         

        CLASS   BANK11         

        CLASS   BANK12         

        CLASS   BANK13         

        CLASS   BANK14         

        CLASS   BANK15         

        CLASS   SFR            

        CLASS   CONFIG         
                config                           300000   300000        E         4

        CLASS   IDLOC          
                idloc                            200000   200000        8         5

        CLASS   EEDATA         

        CLASS   FARRAM         



SEGMENTS        Name                           Load    Length   Top    Selector   Space  Class

                bssBANK1                       000100  0000FC  0001FC       100       1  BANK1   
                reset_vec                      000000  000004  000004         0       0  CODE    
                text13                         001038  002148  003180       81C       0  CODE    
                bssBIGRAM                      000260  000400  000660       260       1  BIGRAM  
                bssBANK2                       000200  000060  000260       200       1  BANK2   
                intcode                        000008  00000A  000012         4       0  CODE    
                cstackCOMRAM                   000001  000048  000049         1       1  COMRAM  
                cstackBANK0                    000060  0000A0  000100        60       1  BANK0   
                smallconst                     001000  000038  001038       800       0  SMALLCON


UNUSED ADDRESS RANGES

        Name                Unused          Largest block    Delta
        BANK1            0001FC-0001FF                4
        BANK10           000A00-000AFF              100
        BANK11           000B00-000BFF              100
        BANK12           000C00-000CFF              100
        BANK13           000D00-000DFF              100
        BANK14           000E00-000EF3               F4
        BANK15           000F00-000F5F               60
        BANK6            000660-0006FF               A0
        BANK7            000700-0007FF              100
        BANK8            000800-0008FF              100
        BANK9            000900-0009FF              100
        BIGRAM           000049-00005F               17
                         0001FC-0001FF                4
                         000660-000EF3              894
                         000F00-000F5F               60
        CODE             000004-000007                4
                         000012-000FFF              FEE
                         003180-01FD2F            1CBB0
        COMRAM           000049-00005F               17
        CONST            000004-000007                4
                         000012-000FFF              FEE
                         003180-01FD2F            1CBB0
        EEDATA           F00000-F003FF              400
        MEDIUMCONST      003180-00FFFF             CE80
                         011000-01FD2F             ED30
        RAM              0001FC-0001FF                4
                         000660-000EF3              100
                         000F00-000F5F               60
        SFR              000F60-000F9B               3C
                         000F9D-000FD3               37
                         000FD5-000FDA                6
                         000FE0-000FE2                3
                         000FE8-000FEA                3
                         000FF0-000FFC                D
        SMALLCONST       003180-01FD2F              100
        STACK            000660-000EF3              894

                                  Symbol Table

?___lodiv                      cstackCOMRAM 000018
?___lomod                      cstackCOMRAM 000018
?___lwdiv                      cstackCOMRAM 000001
?___lwmod                      cstackCOMRAM 000008
?___wmul                       cstackCOMRAM 000018
?_atoi                         cstackCOMRAM 00001F
?_buf_pop                      cstackCOMRAM 000006
?_ctoa                         cstackCOMRAM 000021
?_isdigit                      cstackCOMRAM 000018
?_isspace                      cstackCOMRAM 000018
?_pad                          cstackCOMRAM 000028
?_sprintf                      cstackBANK0  0000A3
?_strlen                       cstackCOMRAM 000018
?_utoa                         cstackBANK0  000064
?_vfpfcnvrt                    cstackBANK0  000084
?_vfprintf                     cstackBANK0  00009B
_ADCON0                        (abs)        000FC2
_ADCON1                        (abs)        000FC1
_ADCON2                        (abs)        000FC0
_ADRESH                        (abs)        000FC4
_ADRESL                        (abs)        000FC3
_BAUDCON1bits                  (abs)        000F7E
_GODONE                        (abs)        007E11
_INTCON                        (abs)        000FF2
_INTCON2bits                   (abs)        000FF1
_INTCONbits                    (abs)        000FF2
_PIE1bits                      (abs)        000F9D
_PIR1                          (abs)        000F9E
_PIR1bits                      (abs)        000F9E
_PORTB                         (abs)        000F81
_PORTH                         (abs)        000F87
_PORTJ                         (abs)        000F88
_RCREG1                        (abs)        000FAE
_RCSTA1                        (abs)        000FAB
_RCSTA1bits                    (abs)        000FAB
_SPBRG1                        (abs)        000FAF
_SPBRGH1                       (abs)        000F7F
_T0CON                         (abs)        000FD5
_T0CONbits                     (abs)        000FD5
_TMR0H                         (abs)        000FD7
_TMR0L                         (abs)        000FD6
_TRISB                         (abs)        000F93
_TRISCbits                     (abs)        000F94
_TRISH                         (abs)        000F99
_TRISJ                         (abs)        000F9A
_TXREG1                        (abs)        000FAD
_TXSTA1                        (abs)        000FAC
_TXSTA1bits                    (abs)        000FAC
__HRAM                         (abs)        000000
__Habs1                        abs1         000000
__Hbank0                       bank0        000000
__Hbank1                       bank1        000000
__Hbank10                      bank10       000000
__Hbank11                      bank11       000000
__Hbank12                      bank12       000000
__Hbank13                      bank13       000000
__Hbank14                      bank14       000000
__Hbank15                      bank15       000000
__Hbank2                       bank2        000000
__Hbank3                       bank3        000000
__Hbank4                       bank4        000000
__Hbank5                       bank5        000000
__Hbank6                       bank6        000000
__Hbank7                       bank7        000000
__Hbank8                       bank8        000000
__Hbank9                       bank9        000000
__Hbigbss                      bigbss       000000
__Hbigdata                     bigdata      000000
__Hbigram                      bigram       000000
__Hbss                         bss          000000
__HbssBANK0                    bssBANK0     000000
__HbssBANK1                    bssBANK1     000000
__HbssBANK2                    bssBANK2     000000
__HbssBIGRAM                   bssBIGRAM    000000
__HbssCOMRAM                   bssCOMRAM    000000
__Hcinit                       cinit        000000
__Hclrtext                     clrtext      000000
__Hcomram                      comram       000000
__Hconfig                      config       30000E
__Hconst                       const        000000
__HcstackBANK0                 cstackBANK0  000000
__HcstackBANK1                 cstackBANK1  000000
__HcstackBANK2                 cstackBANK2  000000
__HcstackCOMRAM                cstackCOMRAM 000000
__Hdata                        data         000000
__HdataBANK0                   dataBANK0    000000
__HdataBANK1                   dataBANK1    000000
__Heeprom_data                 eeprom_data  000000
__Hfarbss                      farbss       000000
__Hfardata                     fardata      000000
__Hibigdata                    ibigdata     000000
__Hidata                       idata        000000
__HidataBANK0                  idataBANK0   000000
__HidataBANK1                  idataBANK1   000000
__Hidloc                       idloc        200008
__Hifardata                    ifardata     000000
__Hinit                        init         000012
__Hintcode                     intcode      00000E
__Hintcode_body                intcode_body 000000
__Hintcodelo                   intcodelo    00000E
__Hintentry                    intentry     000000
__Hintret                      intret       000000
__Hintsave_regs                intsave_regs 000000
__Hirdata                      irdata       000000
__Hmediumconst                 mediumconst  000000
__HnvFARRAM                    nvFARRAM     000000
__Hnvbit                       nvbit        000000
__Hnvrram                      nvrram       000000
__Hparam                       rparam       000000
__Hpowerup                     powerup      00000E
__Hram                         ram          000000
__Hramtop                      ramtop       001000
__Hrbit                        rbit         000000
__Hrbss                        rbss         000000
__Hrdata                       rdata        000000
__Hreset_vec                   reset_vec    000004
__Hrparam                      rparam       000000
__Hsfr                         sfr          000000
__Hsmallconst                  smallconst   001038
__Hspace_0                     (abs)        003180
__Hspace_1                     (abs)        000660
__Hspace_2                     (abs)        000000
__Hspace_4                     (abs)        60000E
__Hstack                       stack        000000
__Hstruct                      struct       000000
__Htemp                        temp         000049
__Htext                        text         000000
__Htext0                       text0        000000
__Htext1                       text1        000000
__Htext10                      text10       000000
__Htext11                      text11       000000
__Htext12                      text12       000000
__Htext13                      text13       000000
__Htext14                      text14       000000
__Htext15                      text15       000000
__Htext16                      text16       000000
__Htext17                      text17       000000
__Htext18                      text18       000000
__Htext19                      text19       000000
__Htext2                       text2        000000
__Htext20                      text20       000000
__Htext21                      text21       000000
__Htext22                      text22       000000
__Htext23                      text23       000000
__Htext24                      text24       000000
__Htext25                      text25       000000
__Htext26                      text26       000000
__Htext27                      text27       000000
__Htext28                      text28       000000
__Htext29                      text29       000000
__Htext3                       text3        000000
__Htext30                      text30       000000
__Htext31                      text31       000000
__Htext32                      text32       000000
__Htext33                      text33       000000
__Htext34                      text34       000000
__Htext36                      text36       000000
__Htext37                      text37       000000
__Htext38                      text38       000000
__Htext39                      text39       000000
__Htext4                       text4        000000
__Htext40                      text40       000000
__Htext41                      text41       000000
__Htext5                       text5        000000
__Htext6                       text6        000000
__Htext7                       text7        000000
__Htext8                       text8        000000
__Htext9                       text9        000000
__LRAM                         (abs)        000001
__Labs1                        abs1         000000
__Lbank0                       bank0        000000
__Lbank1                       bank1        000000
__Lbank10                      bank10       000000
__Lbank11                      bank11       000000
__Lbank12                      bank12       000000
__Lbank13                      bank13       000000
__Lbank14                      bank14       000000
__Lbank15                      bank15       000000
__Lbank2                       bank2        000000
__Lbank3                       bank3        000000
__Lbank4                       bank4        000000
__Lbank5                       bank5        000000
__Lbank6                       bank6        000000
__Lbank7                       bank7        000000
__Lbank8                       bank8        000000
__Lbank9                       bank9        000000
__Lbigbss                      bigbss       000000
__Lbigdata                     bigdata      000000
__Lbigram                      bigram       000000
__Lbss                         bss          000000
__LbssBANK0                    bssBANK0     000000
__LbssBANK1                    bssBANK1     000000
__LbssBANK2                    bssBANK2     000000
__LbssBIGRAM                   bssBIGRAM    000000
__LbssCOMRAM                   bssCOMRAM    000000
__Lcinit                       cinit        000000
__Lclrtext                     clrtext      000000
__Lcomram                      comram       000000
__Lconfig                      config       000000
__Lconst                       const        000000
__LcstackBANK0                 cstackBANK0  000000
__LcstackBANK1                 cstackBANK1  000000
__LcstackBANK2                 cstackBANK2  000000
__LcstackCOMRAM                cstackCOMRAM 000000
__Ldata                        data         000000
__LdataBANK0                   dataBANK0    000000
__LdataBANK1                   dataBANK1    000000
__Leeprom_data                 eeprom_data  000000
__Lfarbss                      farbss       000000
__Lfardata                     fardata      000000
__Libigdata                    ibigdata     000000
__Lidata                       idata        000000
__LidataBANK0                  idataBANK0   000000
__LidataBANK1                  idataBANK1   000000
__Lidloc                       idloc        000000
__Lifardata                    ifardata     000000
__Linit                        init         00000E
__Lintcode                     intcode      000008
__Lintcode_body                intcode_body 000000
__Lintcodelo                   intcodelo    00000E
__Lintentry                    intentry     000000
__Lintret                      intret       000000
__Lintsave_regs                intsave_regs 000000
__Lirdata                      irdata       000000
__Lmediumconst                 mediumconst  000000
__LnvFARRAM                    nvFARRAM     000000
__Lnvbit                       nvbit        000000
__Lnvrram                      nvrram       000000
__Lparam                       rparam       000000
__Lpowerup                     powerup      00000E
__Lram                         ram          000000
__Lramtop                      ramtop       001000
__Lrbit                        rbit         000000
__Lrbss                        rbss         000000
__Lrdata                       rdata        000000
__Lreset_vec                   reset_vec    000000
__Lrparam                      rparam       000000
__Lsfr                         sfr          000000
__Lsmallconst                  smallconst   001000
__Lspace_0                     (abs)        000000
__Lspace_1                     (abs)        000000
__Lspace_2                     (abs)        000000
__Lspace_4                     (abs)        000000
__Lstack                       stack        000000
__Lstruct                      struct       000000
__Ltemp                        temp         000048
__Ltext                        text         000000
__Ltext0                       text0        000000
__Ltext1                       text1        000000
__Ltext10                      text10       000000
__Ltext11                      text11       000000
__Ltext12                      text12       000000
__Ltext13                      text13       000000
__Ltext14                      text14       000000
__Ltext15                      text15       000000
__Ltext16                      text16       000000
__Ltext17                      text17       000000
__Ltext18                      text18       000000
__Ltext19                      text19       000000
__Ltext2                       text2        000000
__Ltext20                      text20       000000
__Ltext21                      text21       000000
__Ltext22                      text22       000000
__Ltext23                      text23       000000
__Ltext24                      text24       000000
__Ltext25                      text25       000000
__Ltext26                      text26       000000
__Ltext27                      text27       000000
__Ltext28                      text28       000000
__Ltext29                      text29       000000
__Ltext3                       text3        000000
__Ltext30                      text30       000000
__Ltext31                      text31       000000
__Ltext32                      text32       000000
__Ltext33                      text33       000000
__Ltext34                      text34       000000
__Ltext36                      text36       000000
__Ltext37                      text37       000000
__Ltext38                      text38       000000
__Ltext39                      text39       000000
__Ltext4                       text4        000000
__Ltext40                      text40       000000
__Ltext41                      text41       000000
__Ltext5                       text5        000000
__Ltext6                       text6        000000
__Ltext7                       text7        000000
__Ltext8                       text8        000000
__Ltext9                       text9        000000
__S0                           (abs)        003180
__S1                           (abs)        000660
__S2                           (abs)        000000
__S4                           (abs)        000000
__S5                           (abs)        000000
___extmem_base                 (abs)        020000
___inthi_sp                    stack        000000
___intlo_sp                    stack        000000
___lodiv                       text19       002518
___lodiv@counter               cstackCOMRAM 000030
___lodiv@dividend              cstackCOMRAM 000018
___lodiv@divisor               cstackCOMRAM 000020
___lodiv@quotient              cstackCOMRAM 000028
___lomod                       text18       0026DC
___lomod@counter               cstackCOMRAM 000028
___lomod@dividend              cstackCOMRAM 000018
___lomod@divisor               cstackCOMRAM 000020
___lwdiv                       text41       002B96
___lwdiv@counter               cstackCOMRAM 000007
___lwdiv@dividend              cstackCOMRAM 000001
___lwdiv@divisor               cstackCOMRAM 000003
___lwdiv@quotient              cstackCOMRAM 000005
___lwmod                       text40       002DB8
___lwmod@counter               cstackCOMRAM 00000C
___lwmod@dividend              cstackCOMRAM 000008
___lwmod@divisor               cstackCOMRAM 00000A
___param_bank                  (abs)        000000
___rparam_used                 (abs)        000001
___sp                          stack        000000
___wmul                        text26       003102
___wmul@multiplicand           cstackCOMRAM 00001A
___wmul@multiplier             cstackCOMRAM 000018
___wmul@product                cstackCOMRAM 00001C
__accesstop                    (abs)        000060
__activetblptr                 (abs)        000003
__end_of___lodiv               text19       002608
__end_of___lomod               text18       0027AC
__end_of___lwdiv               text41       002C0A
__end_of___lwmod               text40       002E1C
__end_of___wmul                text26       003128
__end_of__initialization       cinit        002A86
__end_of_atoi                  text23       002036
__end_of_buf_isempty           text39       002FE2
__end_of_buf_pop               text38       002308
__end_of_buf_push              text27       002518
__end_of_buf_push_inbuf        text37       002E72
__end_of_ctoa                  text20       0026DC
__end_of_disable_rxtx          text31       00317C
__end_of_enable_rxtx           text30       003176
__end_of_fputc                 text21       002940
__end_of_fputs                 text17       002FA2
__end_of_handle_end            text28       00305A
__end_of_handle_exit           text6        001CAA
__end_of_handle_go             text5        00315A
__end_of_handle_park           text8        003020
__end_of_handle_subscr         text3        002410
__end_of_highPriorityISR       intcode_body 0021CC
__end_of_init_adc              text34       003142
__end_of_init_int              text33       003094
__end_of_init_vars             text32       002A0A
__end_of_isdigit               text25       0030CC
__end_of_isspace               text24       002F16
__end_of_main                  text0        001E92
__end_of_packet_task           text29       002F5E
__end_of_pad                   text15       002876
__end_of_parse_sim_messages    text2        0018B8
__end_of_push_emp_rsp          text1        002CEA
__end_of_push_park_fee_rsp     text7        002C7C
__end_of_push_park_rsp         text10       002B16
__end_of_push_sub_rsp          text4        002D52
__end_of_putch                 text22       003180
__end_of_sprintf               text11       002EC4
__end_of_strlen                text16       003102
__end_of_try_park              text9        00166C
__end_of_update_display        text36       002B96
__end_of_utoa                  text14       001AC0
__end_of_vfpfcnvrt             text13       001416
__end_of_vfprintf              text12       002DB8
__initialization               cinit        002A0A
__mediumconst                  mediumconst  000000
__pbssBANK0                    bssBANK0     0000E2
__pbssBANK1                    bssBANK1     000100
__pbssBANK2                    bssBANK2     000200
__pbssBIGRAM                   bssBIGRAM    000260
__pbssCOMRAM                   bssCOMRAM    000032
__pcinit                       cinit        002A0A
__pcstackBANK0                 cstackBANK0  000060
__pcstackBANK1                 cstackBANK1  0001F6
__pcstackBANK2                 cstackBANK2  000250
__pcstackCOMRAM                cstackCOMRAM 000001
__pdataBANK0                   dataBANK0    0000FE
__pdataBANK1                   dataBANK1    0001E0
__pidataBANK0                  idataBANK0   00317C
__pidataBANK1                  idataBANK1   00315A
__pintcode                     intcode      000008
__pintcode_body                intcode_body 002036
__psmallconst                  smallconst   001000
__ptext0                       text0        001CAA
__ptext1                       text1        002C7C
__ptext10                      text10       002A90
__ptext11                      text11       002E72
__ptext12                      text12       002D52
__ptext13                      text13       001038
__ptext14                      text14       0018B8
__ptext15                      text15       0027AC
__ptext16                      text16       0030CC
__ptext17                      text17       002F5E
__ptext18                      text18       0026DC
__ptext19                      text19       002518
__ptext2                       text2        00166C
__ptext20                      text20       002608
__ptext21                      text21       002876
__ptext22                      text22       00317E
__ptext23                      text23       001E92
__ptext24                      text24       002EC4
__ptext25                      text25       003094
__ptext26                      text26       003102
__ptext27                      text27       002410
__ptext28                      text28       003020
__ptext29                      text29       002F16
__ptext3                       text3        002308
__ptext30                      text30       003170
__ptext31                      text31       003176
__ptext32                      text32       002940
__ptext33                      text33       00305A
__ptext34                      text34       003128
__ptext36                      text36       002B16
__ptext37                      text37       002E1C
__ptext38                      text38       0021CC
__ptext39                      text39       002FA2
__ptext4                       text4        002CEA
__ptext40                      text40       002DB8
__ptext41                      text41       002B96
__ptext5                       text5        003142
__ptext6                       text6        001AC0
__ptext7                       text7        002C0A
__ptext8                       text8        002FE2
__ptext9                       text9        001416
__ramtop                       ramtop       001000
__size_of___lodiv              (abs)        000000
__size_of___lomod              (abs)        000000
__size_of___lwdiv              (abs)        000000
__size_of___lwmod              (abs)        000000
__size_of___wmul               (abs)        000000
__size_of_atoi                 (abs)        000000
__size_of_buf_isempty          (abs)        000000
__size_of_buf_pop              (abs)        000000
__size_of_buf_push             (abs)        000000
__size_of_buf_push_inbuf       (abs)        000000
__size_of_ctoa                 (abs)        000000
__size_of_disable_rxtx         (abs)        000000
__size_of_enable_rxtx          (abs)        000000
__size_of_fputc                (abs)        000000
__size_of_fputs                (abs)        000000
__size_of_handle_end           (abs)        000000
__size_of_handle_exit          (abs)        000000
__size_of_handle_go            (abs)        000000
__size_of_handle_park          (abs)        000000
__size_of_handle_subscr        (abs)        000000
__size_of_highPriorityISR      (abs)        000000
__size_of_init_adc             (abs)        000000
__size_of_init_int             (abs)        000000
__size_of_init_vars            (abs)        000000
__size_of_isdigit              (abs)        000000
__size_of_isspace              (abs)        000000
__size_of_main                 (abs)        000000
__size_of_packet_task          (abs)        000000
__size_of_pad                  (abs)        000000
__size_of_parse_sim_messages   (abs)        000000
__size_of_push_emp_rsp         (abs)        000000
__size_of_push_park_fee_rsp    (abs)        000000
__size_of_push_park_rsp        (abs)        000000
__size_of_push_sub_rsp         (abs)        000000
__size_of_putch                (abs)        000000
__size_of_sprintf              (abs)        000000
__size_of_strlen               (abs)        000000
__size_of_try_park             (abs)        000000
__size_of_update_display       (abs)        000000
__size_of_utoa                 (abs)        000000
__size_of_vfpfcnvrt            (abs)        000000
__size_of_vfprintf             (abs)        000000
__smallconst                   smallconst   001000
_atoi                          text23       001E92
_atoi$1268                     cstackCOMRAM 000027
_atoi$1269                     cstackCOMRAM 00002B
_atoi$1270                     cstackCOMRAM 000029
_buf_isempty                   text39       002FA2
_buf_pop                       text38       0021CC
_buf_push                      text27       002410
_buf_push_inbuf                text37       002E1C
_c                             bssCOMRAM    000046
_ctoa                          text20       002608
_dbuf                          bssBANK1     0001C0
_digit                         bssCOMRAM    000042
_digit_map                     dataBANK1    0001E0
_disable_rxtx                  text31       003176
_display_mode                  bssCOMRAM    000044
_emp_res_count                 bssBANK0     0000F6
_empty_space                   dataBANK0    0000FE
_enable_rxtx                   text30       003170
_flags                         bssCOMRAM    00003C
_fputc                         text21       002876
_fputs                         text17       002F5E
_handle_end                    text28       003020
_handle_exit                   text6        001AC0
_handle_go                     text5        003142
_handle_park                   text8        002FE2
_handle_subscr                 text3        002308
_head                          bssCOMRAM    000032
_highPriorityISR               intcode      000008
_inbuf                         bssBIGRAM    000460
_init_adc                      text34       003128
_init_int                      text33       00305A
_init_vars                     text32       002940
_isdigit                       text25       003094
_isspace                       text24       002EC4
_isspace$1286                  cstackCOMRAM 00001E
_main                          text0        001CAA
_msg_last_char                 bssBANK0     0000FA
_nout                          bssBANK0     0000F4
_outbuf                        bssBIGRAM    000260
_packet_task                   text29       002F16
_pad                           text15       0027AC
_park_fee_counter              bssBANK2     000200
_park_slots                    bssBANK1     000170
_parse_sim_messages            text2        00166C
_pic_msg_count                 bssBANK0     0000FD
_prec                          bssCOMRAM    00003A
_prev_rb4                      bssCOMRAM    000045
_push_emp_rsp                  text1        002C7C
_push_park_fee_rsp             text7        002C0A
_push_park_rsp                 text10       002A90
_push_sub_rsp                  text4        002CEA
_putch                         text22       00317E
_queue                         bssBANK1     000100
_reserved_slots                bssBANK1     000120
_selected_level                bssCOMRAM    000043
_seven_seg_value               bssCOMRAM    00003E
_sim_count                     bssBANK0     0000F8
_sim_msg_array                 bssBANK0     0000E2
_sprintf                       text11       002E72
_strlen                        text16       0030CC
_tail                          bssBANK0     0000EE
_tens_power                    dataBANK1    0001EA
_timer_adc                     bssBANK0     0000FB
_timer_money                   bssBANK0     0000FC
_total_money                   bssCOMRAM    000040
_try_park                      text9        001416
_update_display                text36       002B16
_utoa                          text14       0018B8
_v                             bssCOMRAM    000047
_vfpfcnvrt                     text13       001038
_vfpfcnvrt$1249                cstackBANK0  000099
_vfprintf                      text12       002D52
_width                         bssCOMRAM    000038
atoi@n                         cstackCOMRAM 00002C
atoi@neg                       cstackCOMRAM 000025
atoi@s                         cstackCOMRAM 00001F
btemp                          temp         000048
buf_isempty@buf                cstackCOMRAM 000005
buf_pop@buf                    cstackCOMRAM 00000D
buf_pop@size                   cstackCOMRAM 000006
buf_pop@v                      cstackCOMRAM 00000B
buf_push@buf                   cstackCOMRAM 00001A
buf_push@size                  cstackCOMRAM 00001B
buf_push@v                     cstackCOMRAM 000018
buf_push_inbuf@v               cstackCOMRAM 000001
ctoa@c                         cstackCOMRAM 000023
ctoa@fp                        cstackCOMRAM 000021
ctoa@l                         cstackCOMRAM 000025
ctoa@w                         cstackCOMRAM 000027
end_of_initialization          cinit        002A86
fputc@c                        cstackCOMRAM 000018
fputc@fp                       cstackCOMRAM 00001A
fputs@c                        cstackCOMRAM 000025
fputs@fp                       cstackCOMRAM 000023
fputs@i                        cstackCOMRAM 000026
fputs@s                        cstackCOMRAM 000021
handle_exit@car_id             cstackBANK0  0000D8
handle_exit@exit_fee           cstackBANK1  0001F8
handle_exit@i                  cstackBANK1  0001FA
handle_exit@j                  cstackBANK1  0001FB
handle_exit@ready_car_id       cstackBANK1  0001F6
handle_park@car_id             cstackBANK0  0000D6
handle_subscr@car_id           cstackBANK0  0000C7
handle_subscr@level            cstackBANK0  0000C9
handle_subscr@spot             cstackBANK0  0000CB
handle_subscr@sub_fee          cstackBANK0  0000D1
highPriorityISR@current        cstackCOMRAM 000016
highPriorityISR@rb4            cstackCOMRAM 000017
init_vars@i                    cstackCOMRAM 00001C
init_vars@j                    cstackCOMRAM 00001D
int$flags                      temp         000048
int_func                       intcode_body 002036
intlevel0                      text         000000
intlevel1                      text         000000
intlevel2                      text         000000
intlevel3                      text         000000
isdigit@c                      cstackCOMRAM 000018
isspace@c                      cstackCOMRAM 000018
main@i                         cstackBANK2  00025D
main@i_713                     cstackBANK2  00025E
main@j                         cstackBANK2  00025F
main@result                    cstackBANK2  00025B
pad@buf                        cstackCOMRAM 00002A
pad@fp                         cstackCOMRAM 000028
pad@i                          cstackBANK0  000060
pad@p                          cstackCOMRAM 00002C
pad@w                          cstackBANK0  000062
parse_sim_messages@car_id      cstackBANK2  000253
parse_sim_messages@level       cstackBANK2  000252
parse_sim_messages@spot        cstackBANK2  000250
push_emp_rsp@emp_response_buf  cstackBANK0  0000B7
push_park_fee_rsp@car_id       cstackBANK0  0000B7
push_park_fee_rsp@fee          cstackBANK0  0000B9
push_park_fee_rsp@i            cstackBANK0  0000C7
push_park_fee_rsp@response_buf cstackBANK0  0000BB
push_park_rsp@car_id           cstackBANK0  0000B8
push_park_rsp@i                cstackBANK0  0000C7
push_park_rsp@level            cstackBANK0  0000C6
push_park_rsp@response_buf     cstackBANK0  0000BA
push_park_rsp@spot             cstackBANK0  0000B7
push_sub_rsp@car_id            cstackBANK0  0000B7
push_sub_rsp@fee               cstackBANK0  0000B9
push_sub_rsp@i                 cstackBANK0  0000C6
push_sub_rsp@response_buf      cstackBANK0  0000BB
sprintf@ap                     cstackBANK0  0000AF
sprintf@f                      cstackBANK0  0000B1
sprintf@fmt                    cstackBANK0  0000A5
sprintf@s                      cstackBANK0  0000A3
stackhi                        (abs)        000EF3
stacklo                        (abs)        000660
start                          init         00000E
start_initialization           cinit        002A0A
strlen@a                       cstackCOMRAM 00001A
strlen@s                       cstackCOMRAM 000018
try_park@F4980                 dataBANK1    0001F2
try_park@car_id                cstackBANK0  0000C8
try_park@i                     cstackBANK0  0000D4
try_park@j                     cstackBANK0  0000D5
try_park@spot                  cstackBANK0  0000D0
ttemp5                         temp         000049
ttemp6                         temp         00004C
ttemp7                         temp         000050
update_display@empty_count     cstackCOMRAM 000007
update_display@j               cstackCOMRAM 000008
utoa@d                         cstackBANK0  000066
utoa@fp                        cstackBANK0  000064
utoa@i                         cstackBANK0  000082
utoa@n                         cstackBANK0  00007A
utoa@p                         cstackBANK0  000076
utoa@w                         cstackBANK0  000078
vfpfcnvrt@ap                   cstackBANK0  000088
vfpfcnvrt@c                    cstackBANK0  000096
vfpfcnvrt@done                 cstackBANK0  000097
vfpfcnvrt@fmt                  cstackBANK0  000086
vfpfcnvrt@fp                   cstackBANK0  000084
vfpfcnvrt@llu                  cstackBANK0  00008E
vfprintf@ap                    cstackBANK0  00009F
vfprintf@cfmt                  cstackBANK0  0000A1
vfprintf@fmt                   cstackBANK0  00009D
vfprintf@fp                    cstackBANK0  00009B
wtemp8                         temp         000049


FUNCTION INFORMATION:

 *************** function _main *****************
 Defined at:
		line 464 in file "main.c"
 Parameters:    Size  Location     Type
		None
 Auto vars:     Size  Location     Type
  j               1   15[BANK2 ] unsigned char 
  i               1   14[BANK2 ] unsigned char 
  i               1   13[BANK2 ] unsigned char 
  result          2   11[BANK2 ] unsigned int 
 Return value:  Size  Location     Type
                  1    wreg      void 
 Registers used:
		wreg, fsr1l, fsr1h, fsr2l, fsr2h, status,2, status,0, tblptrl, tblptrh, tblptru, prodl, prodh, cstack
 Tracked objects:
		On entry : 
		On exit  : 
		Unchanged: 
 Data sizes:     COMRAM   BANK0   BANK1   BANK2   BANK3   BANK4   BANK5   BANK6   BANK7   BANK8   BANK9  BANK10  BANK11  BANK12  BANK13  BANK14  BANK15
      Params:         0       0       0       0       0       0       0       0       0       0       0       0       0       0       0       0       0
      Locals:         0       0       0       5       0       0       0       0       0       0       0       0       0       0       0       0       0
      Temps:          0       0       0       6       0       0       0       0       0       0       0       0       0       0       0       0       0
      Totals:         0       0       0      11       0       0       0       0       0       0       0       0       0       0       0       0       0
Total ram usage:       11 bytes
 Hardware stack levels required when called:   16
 This function calls:
		_buf_isempty
		_init_adc
		_init_int
		_init_vars
		_packet_task
		_parse_sim_messages
		_push_emp_rsp
 This function is called by:
		Startup code after reset
 This function uses a non-reentrant model


 *************** function _push_emp_rsp *****************
 Defined at:
		line 108 in file "main.c"
 Parameters:    Size  Location     Type
		None
 Auto vars:     Size  Location     Type
  emp_response    8   87[BANK0 ] unsigned char [8]
 Return value:  Size  Location     Type
                  1    wreg      void 
 Registers used:
		wreg, fsr1l, fsr1h, fsr2l, fsr2h, status,2, status,0, tblptrl, tblptrh, tblptru, prodl, prodh, cstack
 Tracked objects:
		On entry : 
		On exit  : 
		Unchanged: 
 Data sizes:     COMRAM   BANK0   BANK1   BANK2   BANK3   BANK4   BANK5   BANK6   BANK7   BANK8   BANK9  BANK10  BANK11  BANK12  BANK13  BANK14  BANK15
      Params:         0       0       0       0       0       0       0       0       0       0       0       0       0       0       0       0       0
      Locals:         0       8       0       0       0       0       0       0       0       0       0       0       0       0       0       0       0
      Temps:          1       0       0       0       0       0       0       0       0       0       0       0       0       0       0       0       0
      Totals:         1       8       0       0       0       0       0       0       0       0       0       0       0       0       0       0       0
Total ram usage:        9 bytes
 Hardware stack levels used:    1
 Hardware stack levels required when called:   11
 This function calls:
		_buf_push
		_sprintf
 This function is called by:
		_main
 This function uses a non-reentrant model


 *************** function _parse_sim_messages *****************
 Defined at:
		line 401 in file "main.c"
 Parameters:    Size  Location     Type
		None
 Auto vars:     Size  Location     Type
  car_id          2    3[BANK2 ] int 
  spot            2    0[BANK2 ] int 
  level           1    2[BANK2 ] unsigned char 
 Return value:  Size  Location     Type
                  1    wreg      void 
 Registers used:
		wreg, fsr1l, fsr1h, fsr2l, fsr2h, status,2, status,0, tblptrl, tblptrh, tblptru, prodl, prodh, cstack
 Tracked objects:
		On entry : 
		On exit  : 
		Unchanged: 
 Data sizes:     COMRAM   BANK0   BANK1   BANK2   BANK3   BANK4   BANK5   BANK6   BANK7   BANK8   BANK9  BANK10  BANK11  BANK12  BANK13  BANK14  BANK15
      Params:         0       0       0       0       0       0       0       0       0       0       0       0       0       0       0       0       0
      Locals:         0       0       0       5       0       0       0       0       0       0       0       0       0       0       0       0       0
      Temps:          0       2       0       0       0       0       0       0       0       0       0       0       0       0       0       0       0
      Totals:         0       2       0       5       0       0       0       0       0       0       0       0       0       0       0       0       0
Total ram usage:        7 bytes
 Hardware stack levels used:    1
 Hardware stack levels required when called:   15
 This function calls:
		_handle_end
		_handle_exit
		_handle_go
		_handle_park
		_handle_subscr
 This function is called by:
		_main
 This function uses a non-reentrant model


 *************** function _handle_subscr *****************
 Defined at:
		line 362 in file "main.c"
 Parameters:    Size  Location     Type
  car_id          2  103[BANK0 ] int 
  level           2  105[BANK0 ] int 
  spot            2  107[BANK0 ] int 
 Auto vars:     Size  Location     Type
  sub_fee         2  113[BANK0 ] int 
 Return value:  Size  Location     Type
                  1    wreg      void 
 Registers used:
		wreg, fsr1l, fsr1h, fsr2l, fsr2h, status,2, status,0, tblptrl, tblptrh, tblptru, prodl, prodh, cstack
 Tracked objects:
		On entry : 
		On exit  : 
		Unchanged: 
 Data sizes:     COMRAM   BANK0   BANK1   BANK2   BANK3   BANK4   BANK5   BANK6   BANK7   BANK8   BANK9  BANK10  BANK11  BANK12  BANK13  BANK14  BANK15
      Params:         0       6       0       0       0       0       0       0       0       0       0       0       0       0       0       0       0
      Locals:         0       2       0       0       0       0       0       0       0       0       0       0       0       0       0       0       0
      Temps:          0       4       0       0       0       0       0       0       0       0       0       0       0       0       0       0       0
      Totals:         0      12       0       0       0       0       0       0       0       0       0       0       0       0       0       0       0
Total ram usage:       12 bytes
 Hardware stack levels used:    1
 Hardware stack levels required when called:   12
 This function calls:
		___wmul
		_push_sub_rsp
 This function is called by:
		_parse_sim_messages
 This function uses a non-reentrant model


 *************** function _push_sub_rsp *****************
 Defined at:
		line 272 in file "main.c"
 Parameters:    Size  Location     Type
  car_id          2   87[BANK0 ] int 
  fee             2   89[BANK0 ] int 
 Auto vars:     Size  Location     Type
  i               1  102[BANK0 ] unsigned char 
  response_buf   11   91[BANK0 ] unsigned char [11]
 Return value:  Size  Location     Type
                  1    wreg      void 
 Registers used:
		wreg, fsr1l, fsr1h, fsr2l, fsr2h, status,2, status,0, tblptrl, tblptrh, tblptru, prodl, prodh, cstack
 Tracked objects:
		On entry : 
		On exit  : 
		Unchanged: 
 Data sizes:     COMRAM   BANK0   BANK1   BANK2   BANK3   BANK4   BANK5   BANK6   BANK7   BANK8   BANK9  BANK10  BANK11  BANK12  BANK13  BANK14  BANK15
      Params:         0       4       0       0       0       0       0       0       0       0       0       0       0       0       0       0       0
      Locals:         0      12       0       0       0       0       0       0       0       0       0       0       0       0       0       0       0
      Temps:          1       0       0       0       0       0       0       0       0       0       0       0       0       0       0       0       0
      Totals:         1      16       0       0       0       0       0       0       0       0       0       0       0       0       0       0       0
Total ram usage:       17 bytes
 Hardware stack levels used:    1
 Hardware stack levels required when called:   11
 This function calls:
		_buf_push
		_sprintf
 This function is called by:
		_handle_subscr
 This function uses a non-reentrant model


 *************** function _handle_go *****************
 Defined at:
		line 374 in file "main.c"
 Parameters:    Size  Location     Type
		None
 Auto vars:     Size  Location     Type
		None
 Return value:  Size  Location     Type
                  1    wreg      void 
 Registers used:
		wreg, status,2
 Tracked objects:
		On entry : 
		On exit  : 
		Unchanged: 
 Data sizes:     COMRAM   BANK0   BANK1   BANK2   BANK3   BANK4   BANK5   BANK6   BANK7   BANK8   BANK9  BANK10  BANK11  BANK12  BANK13  BANK14  BANK15
      Params:         0       0       0       0       0       0       0       0       0       0       0       0       0       0       0       0       0
      Locals:         0       0       0       0       0       0       0       0       0       0       0       0       0       0       0       0       0
      Temps:          0       0       0       0       0       0       0       0       0       0       0       0       0       0       0       0       0
      Totals:         0       0       0       0       0       0       0       0       0       0       0       0       0       0       0       0       0
Total ram usage:        0 bytes
 Hardware stack levels used:    1
 Hardware stack levels required when called:    3
 This function calls:
		Nothing
 This function is called by:
		_parse_sim_messages
 This function uses a non-reentrant model


 *************** function _handle_exit *****************
 Defined at:
		line 335 in file "main.c"
 Parameters:    Size  Location     Type
  car_id          2  120[BANK0 ] int 
 Auto vars:     Size  Location     Type
  ready_car_id    2    0[BANK1 ] unsigned short 
  j               1    5[BANK1 ] unsigned char 
  i               1    4[BANK1 ] unsigned char 
  exit_fee        2    2[BANK1 ] int 
 Return value:  Size  Location     Type
                  1    wreg      void 
 Registers used:
		wreg, fsr1l, fsr1h, fsr2l, fsr2h, status,2, status,0, tblptrl, tblptrh, tblptru, prodl, prodh, cstack
 Tracked objects:
		On entry : 
		On exit  : 
		Unchanged: 
 Data sizes:     COMRAM   BANK0   BANK1   BANK2   BANK3   BANK4   BANK5   BANK6   BANK7   BANK8   BANK9  BANK10  BANK11  BANK12  BANK13  BANK14  BANK15
      Params:         0       2       0       0       0       0       0       0       0       0       0       0       0       0       0       0       0
      Locals:         0       0       6       0       0       0       0       0       0       0       0       0       0       0       0       0       0
      Temps:          0       6       0       0       0       0       0       0       0       0       0       0       0       0       0       0       0
      Totals:         0       8       6       0       0       0       0       0       0       0       0       0       0       0       0       0       0
Total ram usage:       14 bytes
 Hardware stack levels used:    1
 Hardware stack levels required when called:   14
 This function calls:
		_buf_isempty
		_buf_pop
		_disable_rxtx
		_enable_rxtx
		_handle_park
		_push_park_fee_rsp
 This function is called by:
		_parse_sim_messages
 This function uses a non-reentrant model


 *************** function _push_park_fee_rsp *****************
 Defined at:
		line 261 in file "main.c"
 Parameters:    Size  Location     Type
  car_id          2   87[BANK0 ] int 
  fee             2   89[BANK0 ] int 
 Auto vars:     Size  Location     Type
  i               1  103[BANK0 ] unsigned char 
  response_buf   12   91[BANK0 ] unsigned char [12]
 Return value:  Size  Location     Type
                  1    wreg      void 
 Registers used:
		wreg, fsr1l, fsr1h, fsr2l, fsr2h, status,2, status,0, tblptrl, tblptrh, tblptru, prodl, prodh, cstack
 Tracked objects:
		On entry : 
		On exit  : 
		Unchanged: 
 Data sizes:     COMRAM   BANK0   BANK1   BANK2   BANK3   BANK4   BANK5   BANK6   BANK7   BANK8   BANK9  BANK10  BANK11  BANK12  BANK13  BANK14  BANK15
      Params:         0       4       0       0       0       0       0       0       0       0       0       0       0       0       0       0       0
      Locals:         0      13       0       0       0       0       0       0       0       0       0       0       0       0       0       0       0
      Temps:          1       0       0       0       0       0       0       0       0       0       0       0       0       0       0       0       0
      Totals:         1      17       0       0       0       0       0       0       0       0       0       0       0       0       0       0       0
Total ram usage:       18 bytes
 Hardware stack levels used:    1
 Hardware stack levels required when called:   11
 This function calls:
		_buf_push
		_disable_rxtx
		_enable_rxtx
		_sprintf
 This function is called by:
		_handle_exit
 This function uses a non-reentrant model


 *************** function _handle_park *****************
 Defined at:
		line 318 in file "main.c"
 Parameters:    Size  Location     Type
  car_id          2  118[BANK0 ] int 
 Auto vars:     Size  Location     Type
		None
 Return value:  Size  Location     Type
                  1    wreg      void 
 Registers used:
		wreg, fsr1l, fsr1h, fsr2l, fsr2h, status,2, status,0, tblptrl, tblptrh, tblptru, prodl, prodh, cstack
 Tracked objects:
		On entry : 
		On exit  : 
		Unchanged: 
 Data sizes:     COMRAM   BANK0   BANK1   BANK2   BANK3   BANK4   BANK5   BANK6   BANK7   BANK8   BANK9  BANK10  BANK11  BANK12  BANK13  BANK14  BANK15
      Params:         0       2       0       0       0       0       0       0       0       0       0       0       0       0       0       0       0
      Locals:         0       0       0       0       0       0       0       0       0       0       0       0       0       0       0       0       0
      Temps:          0       0       0       0       0       0       0       0       0       0       0       0       0       0       0       0       0
      Totals:         0       2       0       0       0       0       0       0       0       0       0       0       0       0       0       0       0
Total ram usage:        2 bytes
 Hardware stack levels used:    1
 Hardware stack levels required when called:   13
 This function calls:
		_buf_push
		_disable_rxtx
		_enable_rxtx
		_try_park
 This function is called by:
		_handle_exit
		_parse_sim_messages
 This function uses a non-reentrant model


 *************** function _try_park *****************
 Defined at:
		line 286 in file "main.c"
 Parameters:    Size  Location     Type
  car_id          2  104[BANK0 ] int 
 Auto vars:     Size  Location     Type
  j               1  117[BANK0 ] unsigned char 
  i               1  116[BANK0 ] unsigned char 
  spot            4  112[BANK0 ] int [2]
 Return value:  Size  Location     Type
                  1    wreg      unsigned char 
 Registers used:
		wreg, fsr1l, fsr1h, fsr2l, fsr2h, status,2, status,0, tblptrl, tblptrh, tblptru, prodl, prodh, cstack
 Tracked objects:
		On entry : 
		On exit  : 
		Unchanged: 
 Data sizes:     COMRAM   BANK0   BANK1   BANK2   BANK3   BANK4   BANK5   BANK6   BANK7   BANK8   BANK9  BANK10  BANK11  BANK12  BANK13  BANK14  BANK15
      Params:         0       2       0       0       0       0       0       0       0       0       0       0       0       0       0       0       0
      Locals:         0       6       0       0       0       0       0       0       0       0       0       0       0       0       0       0       0
      Temps:          0       6       0       0       0       0       0       0       0       0       0       0       0       0       0       0       0
      Totals:         0      14       0       0       0       0       0       0       0       0       0       0       0       0       0       0       0
Total ram usage:       14 bytes
 Hardware stack levels used:    1
 Hardware stack levels required when called:   12
 This function calls:
		___wmul
		_push_park_rsp
 This function is called by:
		_handle_park
 This function uses a non-reentrant model


 *************** function _push_park_rsp *****************
 Defined at:
		line 250 in file "main.c"
 Parameters:    Size  Location     Type
  level           1    wreg     unsigned char 
  spot            1   87[BANK0 ] unsigned char 
  car_id          2   88[BANK0 ] int 
 Auto vars:     Size  Location     Type
  level           1  102[BANK0 ] unsigned char 
  i               1  103[BANK0 ] unsigned char 
  response_buf   12   90[BANK0 ] unsigned char [12]
 Return value:  Size  Location     Type
                  1    wreg      void 
 Registers used:
		wreg, fsr1l, fsr1h, fsr2l, fsr2h, status,2, status,0, tblptrl, tblptrh, tblptru, prodl, prodh, cstack
 Tracked objects:
		On entry : 
		On exit  : 
		Unchanged: 
 Data sizes:     COMRAM   BANK0   BANK1   BANK2   BANK3   BANK4   BANK5   BANK6   BANK7   BANK8   BANK9  BANK10  BANK11  BANK12  BANK13  BANK14  BANK15
      Params:         0       3       0       0       0       0       0       0       0       0       0       0       0       0       0       0       0
      Locals:         0      14       0       0       0       0       0       0       0       0       0       0       0       0       0       0       0
      Temps:          1       0       0       0       0       0       0       0       0       0       0       0       0       0       0       0       0
      Totals:         1      17       0       0       0       0       0       0       0       0       0       0       0       0       0       0       0
Total ram usage:       18 bytes
 Hardware stack levels used:    1
 Hardware stack levels required when called:   11
 This function calls:
		_buf_push
		_disable_rxtx
		_enable_rxtx
		_sprintf
 This function is called by:
		_try_park
 This function uses a non-reentrant model


 *************** function _sprintf *****************
 Defined at:
		line 9 in file "/Applications/microchip/xc8/v2.30/pic/sources/c99/common/nf_sprintf.c"
 Parameters:    Size  Location     Type
  s               2   67[BANK0 ] PTR unsigned char 
		 -> push_sub_rsp@response_buf(11), push_park_fee_rsp@response_buf(12), push_park_rsp@response_buf(12), push_emp_rsp@emp_response_buf(8), 
  fmt             2   69[BANK0 ] PTR const unsigned char 
		 -> STR_4(14), STR_3(14), STR_2(16), STR_1(10), 
 Auto vars:     Size  Location     Type
  f               6   81[BANK0 ] struct _IO_FILE
  ap              2   79[BANK0 ] PTR void [1]
		 -> ?_sprintf(2), 
  ret             2    0        int 
 Return value:  Size  Location     Type
                  2   67[BANK0 ] int 
 Registers used:
		wreg, fsr1l, fsr1h, fsr2l, fsr2h, status,2, status,0, tblptrl, tblptrh, tblptru, prodl, prodh, cstack
 Tracked objects:
		On entry : 
		On exit  : 
		Unchanged: 
 Data sizes:     COMRAM   BANK0   BANK1   BANK2   BANK3   BANK4   BANK5   BANK6   BANK7   BANK8   BANK9  BANK10  BANK11  BANK12  BANK13  BANK14  BANK15
      Params:         0      10       0       0       0       0       0       0       0       0       0       0       0       0       0       0       0
      Locals:         0      10       0       0       0       0       0       0       0       0       0       0       0       0       0       0       0
      Temps:          0       0       0       0       0       0       0       0       0       0       0       0       0       0       0       0       0
      Totals:         0      20       0       0       0       0       0       0       0       0       0       0       0       0       0       0       0
Total ram usage:       20 bytes
 Hardware stack levels used:    1
 Hardware stack levels required when called:   10
 This function calls:
		_vfprintf
 This function is called by:
		_push_emp_rsp
		_push_park_rsp
		_push_park_fee_rsp
		_push_sub_rsp
 This function uses a non-reentrant model


 *************** function _vfprintf *****************
 Defined at:
		line 1390 in file "/Applications/microchip/xc8/v2.30/pic/sources/c99/common/doprnt.c"
 Parameters:    Size  Location     Type
  fp              2   59[BANK0 ] PTR struct _IO_FILE
		 -> sprintf@f(6), 
  fmt             2   61[BANK0 ] PTR const unsigned char 
		 -> STR_4(14), STR_3(14), STR_2(16), STR_1(10), 
  ap              2   63[BANK0 ] PTR PTR void 
		 -> sprintf@ap(2), 
 Auto vars:     Size  Location     Type
  cfmt            2   65[BANK0 ] PTR unsigned char 
		 -> STR_4(14), STR_3(14), STR_2(16), STR_1(10), 
 Return value:  Size  Location     Type
                  2   59[BANK0 ] int 
 Registers used:
		wreg, fsr1l, fsr1h, fsr2l, fsr2h, status,2, status,0, tblptrl, tblptrh, tblptru, prodl, prodh, cstack
 Tracked objects:
		On entry : 
		On exit  : 
		Unchanged: 
 Data sizes:     COMRAM   BANK0   BANK1   BANK2   BANK3   BANK4   BANK5   BANK6   BANK7   BANK8   BANK9  BANK10  BANK11  BANK12  BANK13  BANK14  BANK15
      Params:         0       6       0       0       0       0       0       0       0       0       0       0       0       0       0       0       0
      Locals:         0       2       0       0       0       0       0       0       0       0       0       0       0       0       0       0       0
      Temps:          0       0       0       0       0       0       0       0       0       0       0       0       0       0       0       0       0
      Totals:         0       8       0       0       0       0       0       0       0       0       0       0       0       0       0       0       0
Total ram usage:        8 bytes
 Hardware stack levels used:    1
 Hardware stack levels required when called:    9
 This function calls:
		_vfpfcnvrt
 This function is called by:
		_sprintf
 This function uses a non-reentrant model


 *************** function _vfpfcnvrt *****************
 Defined at:
		line 692 in file "/Applications/microchip/xc8/v2.30/pic/sources/c99/common/doprnt.c"
 Parameters:    Size  Location     Type
  fp              2   36[BANK0 ] PTR struct _IO_FILE
		 -> sprintf@f(6), 
  fmt             2   38[BANK0 ] PTR PTR unsigned char 
		 -> vfprintf@cfmt(2), 
  ap              2   40[BANK0 ] PTR PTR void 
		 -> sprintf@ap(2), 
 Auto vars:     Size  Location     Type
  llu             8   46[BANK0 ] unsigned long long 
  ll              8    0        long long 
  f               4    0        long long 
  vp              3    0        PTR void 
  ct              3    0        unsigned char [3]
  cp              3    0        PTR unsigned char 
  done            2   55[BANK0 ] int 
  i               2    0        int 
  c               1   54[BANK0 ] unsigned char 
 Return value:  Size  Location     Type
                  2   36[BANK0 ] int 
 Registers used:
		wreg, fsr1l, fsr1h, fsr2l, fsr2h, status,2, status,0, tblptrl, tblptrh, tblptru, prodl, prodh, cstack
 Tracked objects:
		On entry : 
		On exit  : 
		Unchanged: 
 Data sizes:     COMRAM   BANK0   BANK1   BANK2   BANK3   BANK4   BANK5   BANK6   BANK7   BANK8   BANK9  BANK10  BANK11  BANK12  BANK13  BANK14  BANK15
      Params:         0       6       0       0       0       0       0       0       0       0       0       0       0       0       0       0       0
      Locals:         0      13       0       0       0       0       0       0       0       0       0       0       0       0       0       0       0
      Temps:          0       4       0       0       0       0       0       0       0       0       0       0       0       0       0       0       0
      Totals:         0      23       0       0       0       0       0       0       0       0       0       0       0       0       0       0       0
Total ram usage:       23 bytes
 Hardware stack levels used:    1
 Hardware stack levels required when called:    8
 This function calls:
		_atoi
		_ctoa
		_fputc
		_isdigit
		_utoa
 This function is called by:
		_vfprintf
 This function uses a non-reentrant model


 *************** function _utoa *****************
 Defined at:
		line 615 in file "/Applications/microchip/xc8/v2.30/pic/sources/c99/common/doprnt.c"
 Parameters:    Size  Location     Type
  fp              2    4[BANK0 ] PTR struct _IO_FILE
		 -> sprintf@f(6), 
  d               8    6[BANK0 ] unsigned long long 
 Auto vars:     Size  Location     Type
  n               8   26[BANK0 ] unsigned long long 
  i               2   34[BANK0 ] int 
  w               2   24[BANK0 ] int 
  p               2   22[BANK0 ] int 
 Return value:  Size  Location     Type
                  2    4[BANK0 ] int 
 Registers used:
		wreg, fsr1l, fsr1h, fsr2l, fsr2h, status,2, status,0, cstack
 Tracked objects:
		On entry : 
		On exit  : 
		Unchanged: 
 Data sizes:     COMRAM   BANK0   BANK1   BANK2   BANK3   BANK4   BANK5   BANK6   BANK7   BANK8   BANK9  BANK10  BANK11  BANK12  BANK13  BANK14  BANK15
      Params:         0      10       0       0       0       0       0       0       0       0       0       0       0       0       0       0       0
      Locals:         0      14       0       0       0       0       0       0       0       0       0       0       0       0       0       0       0
      Temps:          0       8       0       0       0       0       0       0       0       0       0       0       0       0       0       0       0
      Totals:         0      32       0       0       0       0       0       0       0       0       0       0       0       0       0       0       0
Total ram usage:       32 bytes
 Hardware stack levels used:    1
 Hardware stack levels required when called:    7
 This function calls:
		___lodiv
		___lomod
		_pad
 This function is called by:
		_vfpfcnvrt
 This function uses a non-reentrant model


 *************** function _pad *****************
 Defined at:
		line 72 in file "/Applications/microchip/xc8/v2.30/pic/sources/c99/common/doprnt.c"
 Parameters:    Size  Location     Type
  fp              2   39[COMRAM] PTR struct _IO_FILE
		 -> sprintf@f(6), 
  buf             2   41[COMRAM] PTR unsigned char 
		 -> dbuf(32), 
  p               2   43[COMRAM] int 
 Auto vars:     Size  Location     Type
  w               2    2[BANK0 ] int 
  i               2    0[BANK0 ] int 
 Return value:  Size  Location     Type
                  2   39[COMRAM] int 
 Registers used:
		wreg, fsr1l, fsr1h, fsr2l, fsr2h, status,2, status,0, cstack
 Tracked objects:
		On entry : 
		On exit  : 
		Unchanged: 
 Data sizes:     COMRAM   BANK0   BANK1   BANK2   BANK3   BANK4   BANK5   BANK6   BANK7   BANK8   BANK9  BANK10  BANK11  BANK12  BANK13  BANK14  BANK15
      Params:         6       0       0       0       0       0       0       0       0       0       0       0       0       0       0       0       0
      Locals:         0       4       0       0       0       0       0       0       0       0       0       0       0       0       0       0       0
      Temps:          1       0       0       0       0       0       0       0       0       0       0       0       0       0       0       0       0
      Totals:         7       4       0       0       0       0       0       0       0       0       0       0       0       0       0       0       0
Total ram usage:       11 bytes
 Hardware stack levels used:    1
 Hardware stack levels required when called:    6
 This function calls:
		_fputc
		_fputs
		_strlen
 This function is called by:
		_utoa
 This function uses a non-reentrant model


 *************** function _strlen *****************
 Defined at:
		line 5 in file "/Applications/microchip/xc8/v2.30/pic/sources/c99/common/strlen.c"
 Parameters:    Size  Location     Type
  s               2   23[COMRAM] PTR const unsigned char 
		 -> dbuf(32), 
 Auto vars:     Size  Location     Type
  a               2   25[COMRAM] PTR const unsigned char 
		 -> dbuf(32), 
 Return value:  Size  Location     Type
                  2   23[COMRAM] unsigned int 
 Registers used:
		wreg, fsr2l, fsr2h, status,2, status,0
 Tracked objects:
		On entry : 
		On exit  : 
		Unchanged: 
 Data sizes:     COMRAM   BANK0   BANK1   BANK2   BANK3   BANK4   BANK5   BANK6   BANK7   BANK8   BANK9  BANK10  BANK11  BANK12  BANK13  BANK14  BANK15
      Params:         2       0       0       0       0       0       0       0       0       0       0       0       0       0       0       0       0
      Locals:         2       0       0       0       0       0       0       0       0       0       0       0       0       0       0       0       0
      Temps:          0       0       0       0       0       0       0       0       0       0       0       0       0       0       0       0       0
      Totals:         4       0       0       0       0       0       0       0       0       0       0       0       0       0       0       0       0
Total ram usage:        4 bytes
 Hardware stack levels used:    1
 Hardware stack levels required when called:    3
 This function calls:
		Nothing
 This function is called by:
		_pad
 This function uses a non-reentrant model


 *************** function _fputs *****************
 Defined at:
		line 8 in file "/Applications/microchip/xc8/v2.30/pic/sources/c99/common/nf_fputs.c"
 Parameters:    Size  Location     Type
  s               2   32[COMRAM] PTR const unsigned char 
		 -> dbuf(32), 
  fp              2   34[COMRAM] PTR struct _IO_FILE
		 -> sprintf@f(6), 
 Auto vars:     Size  Location     Type
  i               2   37[COMRAM] int 
  c               1   36[COMRAM] unsigned char 
 Return value:  Size  Location     Type
                  2   32[COMRAM] int 
 Registers used:
[...]
      Temps:          0       0       0       0       0       0       0       0       0       0       0       0       0       0       0       0       0
      Totals:         0       0       0       0       0       0       0       0       0       0       0       0       0       0       0       0       0
Total ram usage:        0 bytes
 Hardware stack levels used:    1
 Hardware stack levels required when called:    3
 This function calls:
		Nothing
 This function is called by:
		_push_park_rsp
		_push_park_fee_rsp
		_handle_park
		_handle_exit
		_handle_end
		_packet_task
 This function uses a non-reentrant model


 *************** function _init_vars *****************
 Defined at:
		line 238 in file "main.c"
 Parameters:    Size  Location     Type
		None
 Auto vars:     Size  Location     Type
  j               1   28[COMRAM] unsigned char 
  i               1   27[COMRAM] unsigned char 
 Return value:  Size  Location     Type
                  1    wreg      void 
 Registers used:
		wreg, fsr2l, fsr2h, status,2, status,0, prodl, prodh
 Tracked objects:
		On entry : 
		On exit  : 
		Unchanged: 
 Data sizes:     COMRAM   BANK0   BANK1   BANK2   BANK3   BANK4   BANK5   BANK6   BANK7   BANK8   BANK9  BANK10  BANK11  BANK12  BANK13  BANK14  BANK15
      Params:         0       0       0       0       0       0       0       0       0       0       0       0       0       0       0       0       0
      Locals:         2       0       0       0       0       0       0       0       0       0       0       0       0       0       0       0       0
      Temps:          4       0       0       0       0       0       0       0       0       0       0       0       0       0       0       0       0
      Totals:         6       0       0       0       0       0       0       0       0       0       0       0       0       0       0       0       0
Total ram usage:        6 bytes
 Hardware stack levels used:    1
 Hardware stack levels required when called:    3
 This function calls:
		Nothing
 This function is called by:
		_main
 This function uses a non-reentrant model


 *************** function _init_int *****************
 Defined at:
		line 194 in file "main.c"
 Parameters:    Size  Location     Type
		None
 Auto vars:     Size  Location     Type
  current_port    1    0        unsigned char 
 Return value:  Size  Location     Type
                  1    wreg      void 
 Registers used:
		wreg, status,2
 Tracked objects:
		On entry : 
		On exit  : 
		Unchanged: 
 Data sizes:     COMRAM   BANK0   BANK1   BANK2   BANK3   BANK4   BANK5   BANK6   BANK7   BANK8   BANK9  BANK10  BANK11  BANK12  BANK13  BANK14  BANK15
      Params:         0       0       0       0       0       0       0       0       0       0       0       0       0       0       0       0       0
      Locals:         1       0       0       0       0       0       0       0       0       0       0       0       0       0       0       0       0
      Temps:          0       0       0       0       0       0       0       0       0       0       0       0       0       0       0       0       0
      Totals:         1       0       0       0       0       0       0       0       0       0       0       0       0       0       0       0       0
Total ram usage:        1 bytes
 Hardware stack levels used:    1
 Hardware stack levels required when called:    3
 This function calls:
		Nothing
 This function is called by:
		_main
 This function uses a non-reentrant model


 *************** function _init_adc *****************
 Defined at:
		line 227 in file "main.c"
 Parameters:    Size  Location     Type
		None
 Auto vars:     Size  Location     Type
		None
 Return value:  Size  Location     Type
                  1    wreg      void 
 Registers used:
		wreg, status,2
 Tracked objects:
		On entry : 
		On exit  : 
		Unchanged: 
 Data sizes:     COMRAM   BANK0   BANK1   BANK2   BANK3   BANK4   BANK5   BANK6   BANK7   BANK8   BANK9  BANK10  BANK11  BANK12  BANK13  BANK14  BANK15
      Params:         0       0       0       0       0       0       0       0       0       0       0       0       0       0       0       0       0
      Locals:         0       0       0       0       0       0       0       0       0       0       0       0       0       0       0       0       0
      Temps:          0       0       0       0       0       0       0       0       0       0       0       0       0       0       0       0       0
      Totals:         0       0       0       0       0       0       0       0       0       0       0       0       0       0       0       0       0
Total ram usage:        0 bytes
 Hardware stack levels used:    1
 Hardware stack levels required when called:    3
 This function calls:
		Nothing
 This function is called by:
		_main
 This function uses a non-reentrant model


 *************** function _highPriorityISR *****************
 Defined at:
		line 132 in file "main.c"
 Parameters:    Size  Location     Type
		None
 Auto vars:     Size  Location     Type
  rb4             1   22[COMRAM] unsigned char 
  current         1   21[COMRAM] unsigned char 
 Return value:  Size  Location     Type
                  1    wreg      void 
 Registers used:
		wreg, fsr1l, fsr1h, fsr2l, fsr2h, status,2, status,0, prodl, prodh, cstack
 Tracked objects:
		On entry : 
		On exit  : 
		Unchanged: 
 Data sizes:     COMRAM   BANK0   BANK1   BANK2   BANK3   BANK4   BANK5   BANK6   BANK7   BANK8   BANK9  BANK10  BANK11  BANK12  BANK13  BANK14  BANK15
      Params:         0       0       0       0       0       0       0       0       0       0       0       0       0       0       0       0       0
      Locals:         2       0       0       0       0       0       0       0       0       0       0       0       0       0       0       0       0
      Temps:          8       0       0       0       0       0       0       0       0       0       0       0       0       0       0       0       0
      Totals:        10       0       0       0       0       0       0       0       0       0       0       0       0       0       0       0       0
Total ram usage:       10 bytes
 Hardware stack levels used:    1
 Hardware stack levels required when called:    2
 This function calls:
		___lwdiv
		___lwmod
		_buf_pop
		_buf_push_inbuf
		_update_display
 This function is called by:
		Interrupt level 2
 This function uses a non-reentrant model


 *************** function _update_display *****************
 Defined at:
		line 120 in file "main.c"
 Parameters:    Size  Location     Type
		None
 Auto vars:     Size  Location     Type
  j               1    7[COMRAM] unsigned char 
  empty_count     1    6[COMRAM] unsigned char 
 Return value:  Size  Location     Type
                  1    wreg      void 
 Registers used:
		wreg, fsr2l, fsr2h, status,2, status,0, prodl, prodh
 Tracked objects:
		On entry : 
		On exit  : 
		Unchanged: 
 Data sizes:     COMRAM   BANK0   BANK1   BANK2   BANK3   BANK4   BANK5   BANK6   BANK7   BANK8   BANK9  BANK10  BANK11  BANK12  BANK13  BANK14  BANK15
      Params:         0       0       0       0       0       0       0       0       0       0       0       0       0       0       0       0       0
      Locals:         2       0       0       0       0       0       0       0       0       0       0       0       0       0       0       0       0
      Temps:          6       0       0       0       0       0       0       0       0       0       0       0       0       0       0       0       0
      Totals:         8       0       0       0       0       0       0       0       0       0       0       0       0       0       0       0       0
Total ram usage:        8 bytes
 Hardware stack levels used:    1
 This function calls:
		Nothing
 This function is called by:
		_highPriorityISR
 This function uses a non-reentrant model


 *************** function _buf_push_inbuf *****************
 Defined at:
		line 82 in file "main.c"
 Parameters:    Size  Location     Type
  v               1    wreg     unsigned char 
 Auto vars:     Size  Location     Type
  v               1    0[COMRAM] unsigned char 
 Return value:  Size  Location     Type
                  1    wreg      unsigned char 
 Registers used:
		wreg, fsr2l, fsr2h, status,2, status,0
 Tracked objects:
		On entry : 
		On exit  : 
		Unchanged: 
 Data sizes:     COMRAM   BANK0   BANK1   BANK2   BANK3   BANK4   BANK5   BANK6   BANK7   BANK8   BANK9  BANK10  BANK11  BANK12  BANK13  BANK14  BANK15
      Params:         0       0       0       0       0       0       0       0       0       0       0       0       0       0       0       0       0
      Locals:         1       0       0       0       0       0       0       0       0       0       0       0       0       0       0       0       0
      Temps:          0       0       0       0       0       0       0       0       0       0       0       0       0       0       0       0       0
      Totals:         1       0       0       0       0       0       0       0       0       0       0       0       0       0       0       0       0
Total ram usage:        1 bytes
 Hardware stack levels used:    1
 This function calls:
		Nothing
 This function is called by:
		_highPriorityISR
 This function uses a non-reentrant model


 *************** function _buf_pop *****************
 Defined at:
		line 93 in file "main.c"
 Parameters:    Size  Location     Type
  buf             1    wreg     enum E4894
  size            2    5[COMRAM] int 
 Auto vars:     Size  Location     Type
  buf             1   12[COMRAM] enum E4894
  v               2   10[COMRAM] unsigned short 
 Return value:  Size  Location     Type
                  2    5[COMRAM] unsigned short 
 Registers used:
		wreg, fsr1l, fsr1h, fsr2l, fsr2h, status,2, status,0, prodl, prodh, cstack
 Tracked objects:
		On entry : 
		On exit  : 
		Unchanged: 
 Data sizes:     COMRAM   BANK0   BANK1   BANK2   BANK3   BANK4   BANK5   BANK6   BANK7   BANK8   BANK9  BANK10  BANK11  BANK12  BANK13  BANK14  BANK15
      Params:         0       0       0       0       0       0       0       0       0       0       0       0       0       0       0       0       0
      Locals:         0       0       0       0       0       0       0       0       0       0       0       0       0       0       0       0       0
      Temps:          0       0       0       0       0       0       0       0       0       0       0       0       0       0       0       0       0
      Totals:         0       0       0       0       0       0       0       0       0       0       0       0       0       0       0       0       0
Total ram usage:        0 bytes
 Hardware stack levels used:    1
 Hardware stack levels required when called:    4
 This function calls:
		_buf_isempty
 This function is called by:
		_highPriorityISR
		_handle_exit
		_handle_end
		_packet_task
 This function uses a non-reentrant model


 *************** function _buf_isempty *****************
 Defined at:
		line 69 in file "main.c"
 Parameters:    Size  Location     Type
  buf             1    wreg     enum E4894
 Auto vars:     Size  Location     Type
  buf             1    4[COMRAM] enum E4894
 Return value:  Size  Location     Type
                  1    wreg      unsigned char 
 Registers used:
		wreg, fsr1l, fsr1h, fsr2l, fsr2h, status,2, status,0, prodl, prodh
 Tracked objects:
		On entry : 
		On exit  : 
		Unchanged: 
 Data sizes:     COMRAM   BANK0   BANK1   BANK2   BANK3   BANK4   BANK5   BANK6   BANK7   BANK8   BANK9  BANK10  BANK11  BANK12  BANK13  BANK14  BANK15
      Params:         0       0       0       0       0       0       0       0       0       0       0       0       0       0       0       0       0
      Locals:         0       0       0       0       0       0       0       0       0       0       0       0       0       0       0       0       0
      Temps:          0       0       0       0       0       0       0       0       0       0       0       0       0       0       0       0       0
      Totals:         0       0       0       0       0       0       0       0       0       0       0       0       0       0       0       0       0
Total ram usage:        0 bytes
 Hardware stack levels used:    1
 Hardware stack levels required when called:    3
 This function calls:
		Nothing
 This function is called by:
		_buf_pop
		_handle_exit
		_handle_end
		_packet_task
		_main
 This function uses a non-reentrant model


 *************** function ___lwmod *****************
 Defined at:
		line 7 in file "/Applications/microchip/xc8/v2.30/pic/sources/c99/common/lwmod.c"
 Parameters:    Size  Location     Type
  dividend        2    7[COMRAM] unsigned int 
  divisor         2    9[COMRAM] unsigned int 
 Auto vars:     Size  Location     Type
  counter         1   11[COMRAM] unsigned char 
 Return value:  Size  Location     Type
                  2    7[COMRAM] unsigned int 
 Registers used:
		wreg, status,2, status,0
 Tracked objects:
		On entry : 
		On exit  : 
		Unchanged: 
 Data sizes:     COMRAM   BANK0   BANK1   BANK2   BANK3   BANK4   BANK5   BANK6   BANK7   BANK8   BANK9  BANK10  BANK11  BANK12  BANK13  BANK14  BANK15
      Params:         4       0       0       0       0       0       0       0       0       0       0       0       0       0       0       0       0
      Locals:         1       0       0       0       0       0       0       0       0       0       0       0       0       0       0       0       0
      Temps:          0       0       0       0       0       0       0       0       0       0       0       0       0       0       0       0       0
      Totals:         5       0       0       0       0       0       0       0       0       0       0       0       0       0       0       0       0
Total ram usage:        5 bytes
 Hardware stack levels used:    1
 This function calls:
		Nothing
 This function is called by:
		_highPriorityISR
 This function uses a non-reentrant model


 *************** function ___lwdiv *****************
 Defined at:
		line 7 in file "/Applications/microchip/xc8/v2.30/pic/sources/c99/common/lwdiv.c"
 Parameters:    Size  Location     Type
  dividend        2    0[COMRAM] unsigned int 
  divisor         2    2[COMRAM] unsigned int 
 Auto vars:     Size  Location     Type
  quotient        2    4[COMRAM] unsigned int 
  counter         1    6[COMRAM] unsigned char 
 Return value:  Size  Location     Type
                  2    0[COMRAM] unsigned int 
 Registers used:
		wreg, status,2, status,0
 Tracked objects:
		On entry : 
		On exit  : 
		Unchanged: 
 Data sizes:     COMRAM   BANK0   BANK1   BANK2   BANK3   BANK4   BANK5   BANK6   BANK7   BANK8   BANK9  BANK10  BANK11  BANK12  BANK13  BANK14  BANK15
      Params:         4       0       0       0       0       0       0       0       0       0       0       0       0       0       0       0       0
      Locals:         3       0       0       0       0       0       0       0       0       0       0       0       0       0       0       0       0
      Temps:          0       0       0       0       0       0       0       0       0       0       0       0       0       0       0       0       0
      Totals:         7       0       0       0       0       0       0       0       0       0       0       0       0       0       0       0       0
Total ram usage:        7 bytes
 Hardware stack levels used:    1
 This function calls:
		Nothing
 This function is called by:
		_highPriorityISR
 This function uses a non-reentrant model



MODULE INFORMATION

Module		Function		Class		Link	Load	Size
/Applications/microchip/xc8/v2.30/pic/sources/c99/common/doprnt.c
		_vfpfcnvrt     		CODE           	1038	0000	990
		_pad           		CODE           	27AC	0000	202
		_ctoa          		CODE           	2608	0000	212
		_vfprintf      		CODE           	2D52	0000	102
		_utoa          		CODE           	18B8	0000	520

/Applications/microchip/xc8/v2.30/pic/sources/c99/common/doprnt.c estimated size: 2026

/Applications/microchip/xc8/v2.30/pic/sources/c99/common/isdigit.c
		_isdigit       		CODE           	3094	0000	56

/Applications/microchip/xc8/v2.30/pic/sources/c99/common/isdigit.c estimated size: 56

/Applications/microchip/xc8/v2.30/pic/sources/c99/common/lwdiv.c
		___lwdiv       		CODE           	2B96	0000	116

/Applications/microchip/xc8/v2.30/pic/sources/c99/common/lwdiv.c estimated size: 116

/Applications/microchip/xc8/v2.30/pic/sources/c99/common/atoi.c
		_atoi          		CODE           	1E92	0000	420

/Applications/microchip/xc8/v2.30/pic/sources/c99/common/atoi.c estimated size: 420

/Applications/microchip/xc8/v2.30/pic/sources/c99/common/Umul16.c
		___wmul        		CODE           	3102	0000	38

/Applications/microchip/xc8/v2.30/pic/sources/c99/common/Umul16.c estimated size: 38

/Applications/microchip/xc8/v2.30/pic/sources/c99/common/lodiv.c
		___lodiv       		CODE           	2518	0000	240

/Applications/microchip/xc8/v2.30/pic/sources/c99/common/lodiv.c estimated size: 240

/Applications/microchip/xc8/v2.30/pic/sources/c99/common/nf_fputs.c
		_fputs         		CODE           	2F5E	0000	68

/Applications/microchip/xc8/v2.30/pic/sources/c99/common/nf_fputs.c estimated size: 68

/Applications/microchip/xc8/v2.30/pic/sources/c99/common/nf_sprintf.c
		_sprintf       		CODE           	2E72	0000	82

/Applications/microchip/xc8/v2.30/pic/sources/c99/common/nf_sprintf.c estimated size: 82

/Applications/microchip/xc8/v2.30/pic/sources/c99/common/isspace.c
		_isspace       		CODE           	2EC4	0000	82

/Applications/microchip/xc8/v2.30/pic/sources/c99/common/isspace.c estimated size: 82

shared
		__initialization		CODE           	2A0A	0000	124

shared estimated size: 124

/Applications/microchip/xc8/v2.30/pic/sources/c99/common/nf_fputc.c
		_fputc         		CODE           	2876	0000	202

/Applications/microchip/xc8/v2.30/pic/sources/c99/common/nf_fputc.c estimated size: 202

/Applications/microchip/xc8/v2.30/pic/sources/c99/common/lwmod.c
		___lwmod       		CODE           	2DB8	0000	100

/Applications/microchip/xc8/v2.30/pic/sources/c99/common/lwmod.c estimated size: 100

/Applications/microchip/xc8/v2.30/pic/sources/c99/common/putch.c
		_putch         		CODE           	317E	0000	2

/Applications/microchip/xc8/v2.30/pic/sources/c99/common/putch.c estimated size: 2

/Applications/microchip/xc8/v2.30/pic/sources/c99/common/lomod.c
		___lomod       		CODE           	26DC	0000	208

/Applications/microchip/xc8/v2.30/pic/sources/c99/common/lomod.c estimated size: 208

/Applications/microchip/xc8/v2.30/pic/sources/c99/common/strlen.c
		_strlen        		CODE           	30CC	0000	54

/Applications/microchip/xc8/v2.30/pic/sources/c99/common/strlen.c estimated size: 54

main.c
		_buf_push_inbuf		CODE           	2E1C	0000	86
		_push_sub_rsp  		CODE           	2CEA	0000	104
		_init_int      		CODE           	305A	0000	58
		_try_park      		CODE           	1416	0000	598
		_disable_rxtx  		CODE           	3176	0000	6
		_handle_go     		CODE           	3142	0000	24
		_handle_end    		CODE           	3020	0000	58
		_main          		CODE           	1CAA	0000	488
		_handle_park   		CODE           	2FE2	0000	62
		_handle_exit   		CODE           	1AC0	0000	490
		_buf_isempty   		CODE           	2FA2	0000	64
		_handle_subscr 		CODE           	2308	0000	264
		_push_park_rsp 		CODE           	2A90	0000	134
		_packet_task   		CODE           	2F16	0000	72
		_highPriorityISR		CODE           	0008	0000	412
		_init_adc      		CODE           	3128	0000	26
		_push_park_fee_rsp		CODE           	2C0A	0000	114
		_buf_pop       		CODE           	21CC	0000	316
		_init_vars     		CODE           	2940	0000	202
		_update_display		CODE           	2B16	0000	128
		_push_emp_rsp  		CODE           	2C7C	0000	110
		_buf_push      		CODE           	2410	0000	264
		_enable_rxtx   		CODE           	3170	0000	6
		_parse_sim_messages		CODE           	166C	0000	588

main.c estimated size: 4674

